../Core/Src/main.c:142:5:main	272	static
../Core/Src/main.c:308:6:SystemClock_Config	72	static
../Core/Src/main.c:347:13:MX_I2C1_Init	8	static
../Core/Src/main.c:381:13:MX_TIM1_Init	80	static
../Core/Src/main.c:458:13:MX_USART2_UART_Init	8	static
../Core/Src/main.c:491:13:MX_USART3_UART_Init	8	static
../Core/Src/main.c:524:13:MX_GPIO_Init	16	static
../Core/Src/main.c:538:5:_write	24	static
../Core/Src/main.c:544:5:__io_putchar	16	static
../Core/Src/main.c:551:6:uart_hal_rx_buffer_init	4	static
../Core/Src/main.c:555:6:uart_hal_rx_monitor	8	static
../Core/Src/main.c:562:6:HAL_UART_RxCpltCallback	16	static
../Core/Src/main.c:573:9:uart_hal_getchar	24	static
../Core/Src/main.c:601:6:mpu6050_init	48	static
../Core/Src/main.c:626:7:get_dt	24	static
../Core/Src/main.c:632:6:update_mpu6050	88	static
../Core/Src/main.c:677:6:map	32	static
../Core/Src/main.c:680:7:map_f	32	static
../Core/Src/main.c:683:6:set_std_PID	48	static
../Core/Src/main.c:697:6:set_dual_PID	56	static
../Core/Src/main.c:717:7:constrain	24	static
../Core/Src/main.c:725:6:emergency_stop	4	static
../Core/Src/main.c:733:6:kalman_filter	64	static
../Core/Src/main.c:764:6:Error_Handler	4	static,ignoring_inline_asm
